2026-09-23 17:43:57,225 INFO    start (status is pending)
2026-09-23 17:43:57,266 INFO    extracting audio -> audio/audio.wav

$ ffmpeg -hide_banner -nostdin -loglevel info -y -i /data/home/raulagent/miscosas/repos/storytel-pipeline/data/input_videos/pipeline_demo_ntsc.mov -vn -map 0:a:0 -ac 1 -ar 16000 -sample_fmt s16 -c:a pcm_s16le /data/home/raulagent/miscosas/repos/storytel-pipeline/data/processed/pipeline_demo_ntsc/audio/audio.wav
(cwd=/data/home/raulagent/miscosas/repos/storytel-pipeline)
Input #0, mov,mp4,m4a,3gp,3g2,mj2, from '/data/home/raulagent/miscosas/repos/storytel-pipeline/data/input_videos/pipeline_demo_ntsc.mov':
  Metadata:
    major_brand     : qt  
    minor_version   : 512
    compatible_brands: qt  
    encoder         : Lavf61.7.100
  Duration: 00:00:09.99, start: 0.000000, bitrate: 119 kb/s
  Stream #0:0[0x1]: Video: h264 (High) (avc1 / 0x31637661), yuv420p(progressive), 320x240 [SAR 1:1 DAR 4:3], 37 kb/s, 29.97 fps, 29.97 tbr, 30k tbn (default)
      Metadata:
        handler_name    : VideoHandler
        vendor_id       : FFMP
        encoder         : Lavc61.19.101 libx264
  Stream #0:1[0x2]: Audio: aac (LC) (mp4a / 0x6134706D), 16000 Hz, mono, fltp, 75 kb/s (default)
      Metadata:
        handler_name    : SoundHandler
        vendor_id       : [0][0][0][0]
Stream mapping:
  Stream #0:1 -> #0:0 (aac (native) -> pcm_s16le (native))
Output #0, wav, to '/data/home/raulagent/miscosas/repos/storytel-pipeline/data/processed/pipeline_demo_ntsc/audio/audio.wav':
  Metadata:
    major_brand     : qt  
    minor_version   : 512
    compatible_brands: qt  
    ISFT            : Lavf61.7.100
  Stream #0:0: Audio: pcm_s16le ([1][0][0][0] / 0x0001), 16000 Hz, mono, s16, 256 kb/s (default)
      Metadata:
        handler_name    : SoundHandler
        vendor_id       : [0][0][0][0]
        encoder         : Lavc61.19.101 pcm_s16le
[out#0/wav @ 0x55d019b4dc00] video:0KiB audio:314KiB subtitle:0KiB other streams:0KiB global headers:0KiB muxing overhead: 0.024259%
size=     314KiB time=00:00:10.04 bitrate= 256.1kbits/s speed=3.41e+03x    
[exit=0 timed_out=False duration=0.1s]
2026-09-23 17:43:57,451 INFO    completed
