2026-09-23 17:57:24,787 INFO    start (status is pending)
2026-09-23 17:57:24,826 INFO    hashing pipeline_demo_ntsc.mov
2026-09-23 17:57:24,918 INFO    metadata: 320x240 @ 30000/1001 fps, 9.98s
2026-09-23 17:57:25,068 INFO    completed
2026-09-23 17:57:25,070 INFO    start (status is pending)
2026-09-23 17:57:25,111 INFO    extracting audio -> audio/audio.wav
2026-09-23 17:57:25,294 INFO    completed
2026-09-23 17:57:25,296 INFO    start (status is pending)
2026-09-23 17:57:25,336 INFO    running whisperx worker
2026-09-23 17:57:32,220 INFO    normalised 1 segments / 23 words (word alignment 100.0%)
2026-09-23 17:57:32,260 INFO    completed
2026-09-23 17:57:32,387 INFO    start (status is pending)
2026-09-23 17:57:32,427 INFO    running spacy_source worker
2026-09-23 17:57:34,387 INFO    source linguistics: 26 tokens / 1 sentences (model=en_core_web_lg, timestamps aligned=88%)
2026-09-23 17:57:34,426 INFO    completed
2026-09-23 17:57:34,470 INFO    start (status is pending)
2026-09-23 17:57:34,511 INFO    running acoustic worker
2026-09-23 17:57:34,730 INFO    acoustic: 1001 frames (634 voiced), 7 pauses, 1 segment aggregates
2026-09-23 17:57:34,777 INFO    completed
2026-09-23 17:57:34,864 INFO    start (status is pending)
2026-09-23 17:57:35,225 INFO    running OpenPose (model=BODY_25, hands=True, face=True, gpu=0)
2026-09-23 17:57:47,626 INFO    OpenPose normalisation: 299 frames -> body=0 rows, hands=0 rows, face=0 rows
2026-09-23 17:57:47,816 INFO    completed
2026-09-23 17:57:47,826 INFO    start (status is pending)
2026-09-23 17:57:48,308 INFO    manifest written with 17 artifacts (status=running)
2026-09-23 17:57:48,359 INFO    completed
