2026-09-23 17:58:15,031 INFO    start (status is pending)
2026-09-23 17:58:15,078 INFO    hashing person_demo.avi
2026-09-23 17:58:15,170 INFO    metadata: 1280x720 @ 50/1 fps, 4.12s
2026-09-23 17:58:15,346 INFO    completed
2026-09-23 17:58:15,346 INFO    start (status is pending)
2026-09-23 17:58:15,379 INFO    extracting audio -> audio/audio.wav
2026-09-23 17:58:15,563 INFO    completed
2026-09-23 17:58:15,564 INFO    start (status is pending)
2026-09-23 17:58:15,605 INFO    running whisperx worker
2026-09-23 17:58:22,363 INFO    normalised 0 segments / 0 words (word alignment 0.0%)
2026-09-23 17:58:22,403 INFO    completed
2026-09-23 17:58:22,531 INFO    start (status is pending)
2026-09-23 17:58:22,571 INFO    running spacy_source worker
2026-09-23 17:58:23,013 INFO    source linguistics: 0 tokens / 0 sentences (model=blank, timestamps aligned=n/a)
2026-09-23 17:58:23,054 INFO    completed
2026-09-23 17:58:23,097 INFO    start (status is pending)
2026-09-23 17:58:23,138 INFO    running acoustic worker
2026-09-23 17:58:23,308 INFO    acoustic: 408 frames (103 voiced), 7 pauses, 0 segment aggregates
2026-09-23 17:58:23,347 INFO    completed
2026-09-23 17:58:23,424 INFO    start (status is pending)
2026-09-23 17:58:23,775 INFO    running OpenPose (model=BODY_25, hands=True, face=True, gpu=0)
2026-09-23 17:59:11,194 INFO    OpenPose normalisation: 205 frames -> body=37857 rows, hands=56054 rows, face=37768 rows
2026-09-23 17:59:11,709 INFO    completed
2026-09-23 17:59:11,713 INFO    start (status is pending)
2026-09-23 17:59:12,109 INFO    manifest written with 17 artifacts (status=running)
2026-09-23 17:59:12,184 INFO    completed
