2026-09-23 17:44:20,015 INFO    start (status is pending)
2026-09-23 17:44:20,058 INFO    hashing pipeline_silent.mp4
2026-09-23 17:44:20,158 INFO    metadata: 320x240 @ 25/1 fps, 4.00s
2026-09-23 17:44:20,300 INFO    completed
2026-09-23 17:44:20,301 INFO    start (status is pending)
2026-09-23 17:44:20,342 INFO    extracting audio -> audio/audio.wav
2026-09-23 17:44:20,526 INFO    completed
2026-09-23 17:44:20,527 INFO    start (status is pending)
2026-09-23 17:44:20,568 INFO    running whisperx worker
2026-09-23 17:44:27,052 INFO    normalised 0 segments / 0 words (word alignment 0.0%)
2026-09-23 17:44:27,091 INFO    completed
2026-09-23 17:44:27,193 INFO    start (status is pending)
2026-09-23 17:44:27,226 INFO    running spacy_source worker
2026-09-23 17:44:27,669 INFO    source linguistics: 0 tokens / 0 sentences (model=blank, timestamps aligned=n/a)
2026-09-23 17:44:27,709 INFO    completed
2026-09-23 17:44:27,752 INFO    start (status is pending)
2026-09-23 17:44:27,793 INFO    running acoustic worker
2026-09-23 17:44:27,972 INFO    acoustic: 400 frames (0 voiced), 1 pauses, 0 segment aggregates
2026-09-23 17:44:28,018 INFO    completed
2026-09-23 17:44:28,095 INFO    start (status is pending)
2026-09-23 17:44:28,441 INFO    running OpenPose (model=BODY_25, hands=True, face=True, gpu=0)
2026-09-23 17:44:34,738 INFO    OpenPose normalisation: 100 frames -> body=0 rows, hands=0 rows, face=0 rows
2026-09-23 17:44:34,942 INFO    completed
2026-09-23 17:44:34,947 INFO    start (status is pending)
2026-09-23 17:44:35,367 INFO    manifest written with 17 artifacts (status=running)
2026-09-23 17:44:35,409 INFO    completed
