2026-09-23 17:57:49,279 INFO    start (status is pending)
2026-09-23 17:57:49,320 INFO    running whisperx worker

$ uv run --project /data/home/raulagent/miscosas/repos/storytel-pipeline/environments/whisperx --python 3.12 python /data/home/raulagent/miscosas/repos/storytel-pipeline/workers/whisperx_worker.py --audio /data/home/raulagent/miscosas/repos/storytel-pipeline/data/processed/pipeline_silent/audio/audio.wav --output /data/home/raulagent/miscosas/repos/storytel-pipeline/data/processed/pipeline_silent/speech/raw/whisperx.json --video-id pipeline_silent --model large-v3 --language auto --device cuda --device-index 0 --compute-type float16 --beam-size 5 --vad-method pyannote --vad-merge-chunk-seconds 30 --threads 4 --asr-options {} --batch-size auto --request-hash b10e230226dd1626
(cwd=/data/home/raulagent/miscosas/repos/storytel-pipeline)
warning: `VIRTUAL_ENV=.venv` does not match the project environment path `environments/whisperx/.venv` and will be ignored; use `--active` to target the active environment instead
2026-09-23 17:57:54 - whisperx.asr - INFO - No language specified, language will be detected for each audio file (increases inference time)
2026-09-23 17:57:54 - whisperx.vads.pyannote - INFO - Performing voice activity detection using Pyannote...
Lightning automatically upgraded your loaded checkpoint from v1.5.4 to v2.6.6. To apply the upgrade to your files permanently, run `python -m lightning.pytorch.utilities.upgrade_checkpoint environments/whisperx/.venv/lib/python3.12/site-packages/whisperx/assets/pytorch_model.bin`
/data/home/raulagent/miscosas/repos/storytel-pipeline/environments/whisperx/.venv/lib/python3.12/site-packages/pyannote/audio/utils/reproducibility.py:74: ReproducibilityWarning: TensorFloat-32 (TF32) has been disabled as it might lead to reproducibility issues and lower accuracy.
It can be re-enabled by calling
   >>> import torch
   >>> torch.backends.cuda.matmul.allow_tf32 = True
   >>> torch.backends.cudnn.allow_tf32 = True
See https://github.com/pyannote/pyannote-audio/issues/1370 for more details.

  warnings.warn(
2026-09-23 17:57:54 - whisperx.vads.pyannote - WARNING - No active speech found in audio
2026-09-23 17:57:54 - whisperx.asr - WARNING - Audio is shorter than 30s, language detection may be inaccurate
2026-09-23 17:57:54 - whisperx.asr - INFO - Detected language: en (0.31) in first 30s of audio
[exit=0 timed_out=False duration=6.7s]
2026-09-23 17:57:56,004 INFO    normalised 0 segments / 0 words (word alignment 0.0%)
2026-09-23 17:57:56,044 INFO    completed
