2026-09-23 17:57:02,727 INFO    start (status is pending)
2026-09-23 17:57:02,768 INFO    extracting audio -> audio/audio.wav

$ ffmpeg -hide_banner -nostdin -loglevel info -y -i /data/home/raulagent/miscosas/repos/storytel-pipeline/data/input_videos/pipeline_demo.mp4 -vn -map 0:a:0 -ac 1 -ar 16000 -sample_fmt s16 -c:a pcm_s16le /data/home/raulagent/miscosas/repos/storytel-pipeline/data/processed/pipeline_demo/audio/audio.wav
(cwd=/data/home/raulagent/miscosas/repos/storytel-pipeline)
Input #0, mov,mp4,m4a,3gp,3g2,mj2, from '/data/home/raulagent/miscosas/repos/storytel-pipeline/data/input_videos/pipeline_demo.mp4':
  Metadata:
    major_brand     : isom
    minor_version   : 512
    compatible_brands: isomiso2avc1mp41
    encoder         : Lavf61.7.100
  Duration: 00:00:09.99, start: 0.000000, bitrate: 127 kb/s
  Stream #0:0[0x1](und): Video: h264 (High) (avc1 / 0x31637661), yuv420p(progressive), 640x480 [SAR 1:1 DAR 4:3], 45 kb/s, 25 fps, 25 tbr, 12800 tbn (default)
      Metadata:
        handler_name    : VideoHandler
        vendor_id       : [0][0][0][0]
        encoder         : Lavc61.19.101 libx264
  Stream #0:1[0x2](und): Audio: aac (LC) (mp4a / 0x6134706D), 16000 Hz, mono, fltp, 75 kb/s (default)
      Metadata:
        handler_name    : SoundHandler
        vendor_id       : [0][0][0][0]
Stream mapping:
  Stream #0:1 -> #0:0 (aac (native) -> pcm_s16le (native))
Output #0, wav, to '/data/home/raulagent/miscosas/repos/storytel-pipeline/data/processed/pipeline_demo/audio/audio.wav':
  Metadata:
    major_brand     : isom
    minor_version   : 512
    compatible_brands: isomiso2avc1mp41
    ISFT            : Lavf61.7.100
  Stream #0:0(und): Audio: pcm_s16le ([1][0][0][0] / 0x0001), 16000 Hz, mono, s16, 256 kb/s (default)
      Metadata:
        handler_name    : SoundHandler
        vendor_id       : [0][0][0][0]
        encoder         : Lavc61.19.101 pcm_s16le
[out#0/wav @ 0x55e7fb617f00] video:0KiB audio:314KiB subtitle:0KiB other streams:0KiB global headers:0KiB muxing overhead: 0.024259%
size=     314KiB time=00:00:10.04 bitrate= 256.1kbits/s speed=3.47e+03x    
[exit=0 timed_out=False duration=0.1s]
2026-09-23 17:57:02,959 INFO    completed
